// Jest Snapshot v1, https://goo.gl/fbAQLP

exports[`Movie Details after fetch favorites movie title is correct 1`] = `
<div
  class="bg-dark h-100"
>
  <div
    class="text-center font-weight-bold heading-1"
  >
    Your Favorites
  </div>
   
  <div
    class="row"
  >
    <div
      class="favorites-list-item card col-sm-5 grow d-flex justify-content-start align-items-start p-2"
      data-test="favorites-list-item-wrapper"
      style="background-position: center; background-size: cover;"
    >
      <div
        data-test="favorites-list-item"
      >
        <div
          class="user-movie-list-item-title font-weight-bold text-white"
          data-test="favorites-list-item-title"
        >
          A Star Is Born
        </div>
         
        <div
          class="col-sm-auto col-md-auto d-flex align-items-center mr-1 mb-4 mb-sm-0"
        >
          <h6
            class="font-weight-bold mr-1 text-white user-score"
          >
            <div>
              User
            </div>
             
            <div>
              Score
            </div>
          </h6>
           
          <div>
            <svg
              class="circle-chart"
              height="70"
              viewBox="0 0 36 36"
              width="70"
              xmlns="http://www.w3.org/2000/svg"
            >
              <path
                class="circle-bg"
                d="M18 2.0845
        a 15.9155 15.9155 0 0 1 0 31.831
        a 15.9155 15.9155 0 0 1 0 -31.831"
              />
               
              <path
                class="circle-chart__circle"
                d="M18 2.0845
        a 15.9155 15.9155 0 0 1 0 31.831
        a 15.9155 15.9155 0 0 1 0 -31.831"
                stroke="#48AE48"
                stroke-dasharray="87 100"
                stroke-linecap="round"
                stroke-width="2"
              />
               
              <g
                class="circle-chart__info"
              >
                <text
                  alignment-baseline="central"
                  class="circle-chart__percent font-weight-bold"
                  data-test="movie-overview-average"
                  fill="#fff"
                  font-size="8"
                  text-anchor="middle"
                  x="18"
                  y="17"
                >
                  87%
                </text>
              </g>
            </svg>
          </div>
        </div>
      </div>
    </div>
    <div
      class="favorites-list-item card col-sm-5 grow d-flex justify-content-start align-items-start p-2"
      data-test="favorites-list-item-wrapper"
      style="background-position: center; background-size: cover;"
    >
      <div
        data-test="favorites-list-item"
      >
        <div
          class="user-movie-list-item-title font-weight-bold text-white"
          data-test="favorites-list-item-title"
        >
          
        </div>
         
        <div
          class="col-sm-auto col-md-auto d-flex align-items-center mr-1 mb-4 mb-sm-0"
        >
          <h6
            class="font-weight-bold mr-1 text-white user-score"
          >
            <div>
              User
            </div>
             
            <div>
              Score
            </div>
          </h6>
           
          <div>
            <svg
              class="circle-chart"
              height="70"
              viewBox="0 0 36 36"
              width="70"
              xmlns="http://www.w3.org/2000/svg"
            >
              <path
                class="circle-bg"
                d="M18 2.0845
        a 15.9155 15.9155 0 0 1 0 31.831
        a 15.9155 15.9155 0 0 1 0 -31.831"
              />
               
              <path
                class="circle-chart__circle"
                d="M18 2.0845
        a 15.9155 15.9155 0 0 1 0 31.831
        a 15.9155 15.9155 0 0 1 0 -31.831"
                stroke="#48AE48"
                stroke-dasharray="... 100"
                stroke-linecap="round"
                stroke-width="2"
              />
               
              <g
                class="circle-chart__info"
              >
                <text
                  alignment-baseline="central"
                  class="circle-chart__percent font-weight-bold"
                  data-test="movie-overview-average"
                  fill="#fff"
                  font-size="8"
                  text-anchor="middle"
                  x="18"
                  y="17"
                >
                  ...%
                </text>
              </g>
            </svg>
          </div>
        </div>
      </div>
    </div>
  </div>
</div>
`;
